0 verbose cli /home/habrmnc/.nvm/versions/node/v24.14.1/bin/node /home/habrmnc/.nvm/versions/node/v24.14.1/lib/node_modules/npm/bin/npm-cli.js
1 info using npm@11.11.0
2 info using node@v24.14.1
3 silly config load:file:/home/habrmnc/.nvm/versions/node/v24.14.1/lib/node_modules/npm/npmrc
4 silly config load:file:/home/habrmnc/habrmnc/bilo/.npmrc
5 silly config load:file:/home/habrmnc/.nvm/versions/node/v24.14.1/etc/npmrc
6 verbose title npm exec ng build
7 verbose argv "exec" "--" "ng" "build"
8 verbose logfile logs-max:10 dir:/home/habrmnc/habrmnc/bilo/.npm/_logs/2026-09-19T06_45_44_382Z-
9 verbose logfile /home/habrmnc/habrmnc/bilo/.npm/_logs/2026-09-19T06_45_44_382Z-debug-0.log
10 silly logfile done cleaning log files
11 http fetch GET https://registry.npmjs.org/npm attempt 1 failed with EAI_AGAIN
12 http fetch GET https://registry.npmjs.org/npm attempt 2 failed with EAI_AGAIN
13 http fetch GET https://registry.npmjs.org/npm attempt 3 failed with EAI_AGAIN
14 verbose cwd /home/habrmnc/habrmnc/bilo
15 verbose os Linux 7.1.9-100.fc43.x86_64
16 verbose node v24.14.1
17 verbose npm  v11.11.0
18 verbose exit 0
19 info ok
